2026-09-04 03:07:55.733 - aiperf.cli_runner._single_run - INFO - Starting AIPerf System
2026-09-04 03:07:55.741 - aiperf.config.resolution.resolvers - INFO - [OK] Tokenizer moonshotai/Kimi-K3 detected
2026-09-04 03:07:55.742 - aiperf.config.resolution.resolvers - INFO - 1 tokenizer validated | 0.0s
2026-09-04 03:07:55.743 - aiperf.config.resolution.resolvers - INFO - HF cache hit (skipping prefetch): ['moonshotai/Kimi-K3']
2026-09-04 03:07:55.945 - aiperf - WARNING - Using --osl without ignore_eos or min_tokens in --extra-inputs. Output sequence length cannot be guaranteed unless the server honors these parameters. Consider: --extra-inputs ignore_eos:true (generate until max_tokens) or --extra-inputs min_tokens:<value> (set minimum output length).
2026-09-04 03:07:56.105 - system_controller - INFO - Registered Gpu Telemetry Manager (id: 'gpu_telemetry_manager')
2026-09-04 03:07:56.107 - server_metrics_manager - INFO - Server Metrics: Discovered 1 endpoints: ['https://inference.baseten.co/v1/chat/completions/metrics']
2026-09-04 03:07:56.118 - system_controller - INFO - Registered Server Metrics Manager (id: 'server_metrics_manager')
2026-09-04 03:07:56.121 - system_controller - INFO - Registered Dataset Manager (id: 'dataset_manager')
2026-09-04 03:07:56.140 - GPUTelemetryJSONLWriter_5e6acdc8 - INFO - GPU telemetry export enabled: /data/semi-analysis-report/results/kimi-k3-isl8k-osl1k-20260903T212100Z-705bc03c/models/kimi-k3/providers/baseten/performance/synthetic-c1/performance--kimi-k3--baseten--synthetic--c1--cb76c295/artifacts/gpu_telemetry_export.jsonl
2026-09-04 03:07:56.145 - OTelMetricsResultsProcessor_7748ffa4 - INFO - Telemetry streaming is disabled (set --otel-url and/or --mlflow-tracking-uri to enable)
2026-09-04 03:07:56.146 - RecordExportJSONLWriter_a6c46636 - INFO - Record metrics export enabled: /data/semi-analysis-report/results/kimi-k3-isl8k-osl1k-20260903T212100Z-705bc03c/models/kimi-k3/providers/baseten/performance/synthetic-c1/performance--kimi-k3--baseten--synthetic--c1--cb76c295/artifacts/profile_export.jsonl
2026-09-04 03:07:56.146 - RecordExportJSONLWriter_a6c46636 - INFO - HTTP trace export enabled (--export-http-trace)
2026-09-04 03:07:56.160 - system_controller - INFO - Registered Records Manager (id: 'records_manager')
2026-09-04 03:07:56.192 - system_controller - INFO - Registered Worker Manager (id: 'worker_manager')
2026-09-04 03:07:56.219 - RawRecordWriterProcessor_e3e629fc - INFO - RawRecordWriter initialized: /data/semi-analysis-report/results/kimi-k3-isl8k-osl1k-20260903T212100Z-705bc03c/models/kimi-k3/providers/baseten/performance/synthetic-c1/performance--kimi-k3--baseten--synthetic--c1--cb76c295/artifacts/raw_records/raw_records_record_processor_f70d92a6.jsonl - FULL request/response data will be exported (files may be large)
2026-09-04 03:07:56.327 - system_controller - INFO - Registered Record Processor (id: 'record_processor_f70d92a6')
2026-09-04 03:07:56.351 - system_controller - INFO - Registered Timing Manager (id: 'timing_manager')
2026-09-04 03:07:56.441 - system_controller - INFO - Registered Worker (id: 'worker_5541f28c')
2026-09-04 03:07:56.582 - system_controller - INFO - AIPerf System is CONFIGURING
2026-09-04 03:07:56.582 - system_controller - INFO - Configuring all services to start profiling
2026-09-04 03:07:56.583 - InferenceResultParser_bd3ac373 - INFO - Tokenization is disabled for this endpoint, skipping tokenizer configuration
2026-09-04 03:07:56.583 - timing_manager - INFO - Waiting for dataset to be configured before configuring timing
2026-09-04 03:07:56.584 - dataset_manager - INFO - Configuring tokenizer(s) for dataset manager
2026-09-04 03:07:56.606 - gpu_telemetry_manager - WARNING - GPU Telemetry: http://localhost:9400/metrics is not reachable
2026-09-04 03:07:56.607 - gpu_telemetry_manager - WARNING - GPU Telemetry: http://localhost:9401/metrics is not reachable
2026-09-04 03:07:56.607 - system_controller - INFO - DCGM telemetry skipped: no telemetry sources reachable
2026-09-04 03:07:56.608 - system_controller - INFO - Waiting for result domains: profile, server_metrics
2026-09-04 03:07:57.241 - system_controller - INFO - Server metrics disabled - no Prometheus endpoints reachable
2026-09-04 03:07:57.241 - system_controller - INFO - Waiting for result domains: profile
2026-09-04 03:07:57.598 - httpx - INFO - HTTP Request: HEAD https://huggingface.co/moonshotai/Kimi-K3/resolve/main/config.json "HTTP/1.1 307 Temporary Redirect"
2026-09-04 03:07:57.627 - httpx - INFO - HTTP Request: HEAD https://huggingface.co/api/resolve-cache/models/moonshotai/Kimi-K3/f831ab66814297da540d832a5235f8e904f29d06/config.json "HTTP/1.1 200 OK"
2026-09-04 03:07:57.856 - httpx - INFO - HTTP Request: HEAD https://huggingface.co/moonshotai/Kimi-K3/resolve/main/configuration_kimi_k3.py "HTTP/1.1 307 Temporary Redirect"
2026-09-04 03:07:57.857 - huggingface_hub.utils._http - WARNING - Warning: You are sending unauthenticated requests to the HF Hub. Please set a HF_TOKEN to enable higher rate limits and faster downloads.
2026-09-04 03:07:57.920 - httpx - INFO - HTTP Request: HEAD https://huggingface.co/api/resolve-cache/models/moonshotai/Kimi-K3/f831ab66814297da540d832a5235f8e904f29d06/configuration_kimi_k3.py "HTTP/1.1 200 OK"
2026-09-04 03:07:58.163 - httpx - INFO - HTTP Request: HEAD https://huggingface.co/moonshotai/Kimi-K3/resolve/main/config.json "HTTP/1.1 307 Temporary Redirect"
2026-09-04 03:07:58.175 - httpx - INFO - HTTP Request: HEAD https://huggingface.co/api/resolve-cache/models/moonshotai/Kimi-K3/f831ab66814297da540d832a5235f8e904f29d06/config.json "HTTP/1.1 200 OK"
2026-09-04 03:07:58.403 - httpx - INFO - HTTP Request: HEAD https://huggingface.co/moonshotai/Kimi-K3/resolve/main/tokenizer_config.json "HTTP/1.1 307 Temporary Redirect"
2026-09-04 03:07:58.433 - httpx - INFO - HTTP Request: HEAD https://huggingface.co/api/resolve-cache/models/moonshotai/Kimi-K3/f831ab66814297da540d832a5235f8e904f29d06/tokenizer_config.json "HTTP/1.1 200 OK"
2026-09-04 03:07:58.662 - httpx - INFO - HTTP Request: HEAD https://huggingface.co/moonshotai/Kimi-K3/resolve/main/tokenization_kimi.py "HTTP/1.1 307 Temporary Redirect"
2026-09-04 03:07:58.690 - httpx - INFO - HTTP Request: HEAD https://huggingface.co/api/resolve-cache/models/moonshotai/Kimi-K3/f831ab66814297da540d832a5235f8e904f29d06/tokenization_kimi.py "HTTP/1.1 200 OK"
2026-09-04 03:07:58.932 - httpx - INFO - HTTP Request: GET https://huggingface.co/api/models/moonshotai/Kimi-K3/tree/main/additional_chat_templates?recursive=false&expand=false "HTTP/1.1 404 Not Found"
2026-09-04 03:07:59.159 - httpx - INFO - HTTP Request: GET https://huggingface.co/api/models/moonshotai/Kimi-K3/tree/main?recursive=true&expand=false "HTTP/1.1 200 OK"
2026-09-04 03:07:59.326 - transformers_modules.moonshotai.Kimi_hyphen_K3.f831ab66814297da540d832a5235f8e904f29d06.tokenization_kimi - INFO - Reloaded tiktoken model from /home/prasanna/.cache/huggingface/hub/models--moonshotai--Kimi-K3/snapshots/f831ab66814297da540d832a5235f8e904f29d06/tiktoken.model
2026-09-04 03:07:59.326 - transformers_modules.moonshotai.Kimi_hyphen_K3.f831ab66814297da540d832a5235f8e904f29d06.tokenization_kimi - INFO - #words: 163840 - BOS ID: 163584 - EOS ID: 163585
2026-09-04 03:07:59.483 - dataset_manager - INFO - Tokenizer(s) configured in 2.90 seconds
2026-09-04 03:07:59.483 - dataset_manager - INFO - Configuring dataset for dataset_manager
2026-09-04 03:07:59.886 - transformers_modules.moonshotai.Kimi_hyphen_K3.f831ab66814297da540d832a5235f8e904f29d06.tokenization_kimi - WARNING - Calling super().encode with {'add_special_tokens': False}
2026-09-04 03:07:59.887 - transformers_modules.moonshotai.Kimi_hyphen_K3.f831ab66814297da540d832a5235f8e904f29d06.tokenization_kimi - WARNING - Calling super().encode with {'add_special_tokens': False}
2026-09-04 03:07:59.887 - transformers_modules.moonshotai.Kimi_hyphen_K3.f831ab66814297da540d832a5235f8e904f29d06.tokenization_kimi - WARNING - Calling super().encode with {'add_special_tokens': False}
2026-09-04 03:07:59.887 - transformers_modules.moonshotai.Kimi_hyphen_K3.f831ab66814297da540d832a5235f8e904f29d06.tokenization_kimi - WARNING - Calling super().encode with {'add_special_tokens': False}
2026-09-04 03:07:59.900 - MemoryMapDatasetBackingStore_e30327b0 - INFO - Memory-mapped backing store initialized (streaming to /tmp/aiperf_mmap_1bce01113043/dataset.dat)
2026-09-04 03:07:59.902 - MemoryMapDatasetBackingStore_e30327b0 - INFO - Data file finalized: 12 conversations, 0.41 MB
2026-09-04 03:07:59.902 - MemoryMapDatasetBackingStore_e30327b0 - INFO - Index file created: /tmp/aiperf_mmap_1bce01113043/index.dat
2026-09-04 03:07:59.902 - dataset_manager - INFO - Backing store finalized: client_type=DatasetClientStoreType.MEMORY_MAP format=MemoryMapFormat.CONVERSATION data_file_path=PosixPath('/tmp/aiperf_mmap_1bce01113043/dataset.dat') index_file_path=PosixPath('/tmp/aiperf_mmap_1bce01113043/index.dat') conversation_count=12 total_size_bytes=429789 compressed=False compressed_data_file_path=None compressed_index_file_path=None compressed_size_bytes=0
2026-09-04 03:07:59.902 - dataset_manager - INFO - sampling strategy: sequential, unique conversations: 12, unique turn count: 12
2026-09-04 03:07:59.903 - dataset_manager - INFO - Generating inputs.json file at /data/semi-analysis-report/results/kimi-k3-isl8k-osl1k-20260903T212100Z-705bc03c/models/kimi-k3/providers/baseten/performance/synthetic-c1/performance--kimi-k3--baseten--synthetic--c1--cb76c295/artifacts/inputs.json
2026-09-04 03:07:59.905 - PhaseOrchestrator_61224ea2 - INFO - Initialized 2 phase(s): ['Warmup', 'Profiling']
2026-09-04 03:07:59.906 - dataset_manager - INFO - inputs.json file generated in 0.00 seconds
2026-09-04 03:07:59.997 - dataset_manager - INFO - Dataset client initialized and freed 12 conversations from memory
2026-09-04 03:07:59.997 - dataset_manager - INFO - Dataset configured in 0.51 seconds
2026-09-04 03:07:59.998 - system_controller - INFO - All services configured in 3.42 seconds
2026-09-04 03:07:59.998 - system_controller - INFO - AIPerf System is CONFIGURED
2026-09-04 03:08:00.002 - RateTiming - INFO - Creating interval generator: pattern=concurrency_burst, rate=None, smoothness=None
2026-09-04 03:08:00.003 - PhaseRunner - NOTICE - Phase warmup (warmup) started | phase_index=0 | target: 1 requests
2026-09-04 03:08:00.004 - PhaseRunner - NOTICE - Phase warmup (warmup) sending complete | sent=1, completed=0, in_flight=1 | sessions: sent=1, completed=0
2026-09-04 03:08:00.004 - system_controller - INFO - All services started profiling successfully
2026-09-04 03:08:00.004 - records_manager - INFO - Credit phase start: warmup
2026-09-04 03:08:00.004 - system_controller - INFO - AIPerf System is PROFILING
2026-09-04 03:08:17.228 - PhaseRunner - NOTICE - Phase warmup (warmup) complete | completed=1, cancelled=0, errors=0 | sessions: completed=1, cancelled=0 | elapsed=17.22s
2026-09-04 03:08:17.229 - RateTiming - INFO - Creating interval generator: pattern=concurrency_burst, rate=None, smoothness=None
2026-09-04 03:08:17.229 - PhaseRunner - NOTICE - Phase profiling (profiling) started | phase_index=1 | profiling_index=0 | target: 300.0s duration
2026-09-04 03:08:17.229 - PhaseRunner - INFO - Waiting for event 'profiling phase sending' with timeout of 299.999671578s
2026-09-04 03:08:17.230 - records_manager - INFO - Credit phase start: profiling
2026-09-04 03:13:17.230 - PhaseRunner - INFO - Timeout of 299.999671578s elapsed for event 'profiling phase sending'
2026-09-04 03:13:17.230 - PhaseRunner - NOTICE - Phase profiling (profiling) sending complete | sent=19, completed=18, in_flight=1 | sessions: sent=19, completed=18 | timeout_triggered=True
2026-09-04 03:13:17.231 - PhaseRunner - INFO - Timeout of 0.0s elapsed for event 'profiling phase credits returned'
2026-09-04 03:13:17.231 - PhaseRunner - WARNING - Phase profiling timed out, cancelling all credits. Stats: sent=19, completed=18, cancelled=0, in_flight=1
2026-09-04 03:13:17.231 - StickyCreditRouter_e07485dd - INFO - Sent cancellation requests for 1 in-flight credits across 1 workers
2026-09-04 03:13:17.231 - PhaseRunner - INFO - Waiting for all cancelled credits to be returned for phase profiling. Need 1 more credits.
2026-09-04 03:13:17.231 - records_manager - INFO - Sent 19 requests. Waiting for all to complete...
2026-09-04 03:13:17.232 - PhaseRunner - INFO - All cancelled credits returned for phase profiling
2026-09-04 03:13:17.232 - PhaseRunner - NOTICE - Phase profiling (profiling) complete | completed=18, cancelled=1, errors=0 | sessions: completed=18, cancelled=1 | elapsed=300.00s | grace_period_timeout=True
2026-09-04 03:13:17.232 - PhaseOrchestrator_61224ea2 - NOTICE - All credits completed
2026-09-04 03:13:17.232 - system_controller - INFO - Received credits complete from 'timing_manager'
2026-09-04 03:13:17.232 - records_manager - INFO - Received CREDIT_PHASE_COMPLETE message, Phase complete: PhaseRecordsStats(phase=CreditPhase.PROFILING, phase_index=1, profiling_index=0, phase_name='profiling', phase_kind='profiling', start_ns=1788471497229536215, sent_end_ns=1788471797230899022, requests_end_ns=1788471797232282543, baseline_start_ns=1788471497229512086, baseline_end_ns=1788471797232288716, total_expected_requests=None, expected_duration_sec=None, expected_num_sessions=None, expected_grace_period_sec=None, final_requests_sent=None, final_requests_completed=18, final_requests_cancelled=1, final_request_errors=0, final_sent_sessions=None, final_completed_sessions=None, final_cancelled_sessions=None, timeout_triggered=True, grace_period_timeout_triggered=True, was_cancelled=False, records_end_ns=None, success_records=18, error_records=0)
2026-09-04 03:13:17.233 - records_manager - NOTICE - All requests have completed, please wait for the results to be processed (currently 18 of 18 records processed)...
2026-09-04 03:13:17.233 - records_manager - INFO - Processed 18 valid requests and 0 errors (18 total).
2026-09-04 03:13:17.233 - records_manager - INFO - Received all records, processing now...
2026-09-04 03:13:17.233 - records_manager - INFO - All credits complete, please wait for the results to be processed...
2026-09-04 03:13:17.234 - records_manager - INFO - Waiting 2.0s for server metrics flush period...
2026-09-04 03:13:19.232 - records_manager - INFO - Processing records results...
2026-09-04 03:13:19.271 - records_manager - INFO - _finalize_and_process_results completed
2026-09-04 03:13:19.272 - system_controller - INFO - All results received, initiating shutdown
2026-09-04 03:13:19.875 - ExporterManager - INFO - Exporting all records
2026-09-04 03:13:19.909 - RawRecordAggregator - INFO - Aggregating 1 raw record files from /data/semi-analysis-report/results/kimi-k3-isl8k-osl1k-20260903T212100Z-705bc03c/models/kimi-k3/providers/baseten/performance/synthetic-c1/performance--kimi-k3--baseten--synthetic--c1--cb76c295/artifacts/raw_records to /data/semi-analysis-report/results/kimi-k3-isl8k-osl1k-20260903T212100Z-705bc03c/models/kimi-k3/providers/baseten/performance/synthetic-c1/performance--kimi-k3--baseten--synthetic--c1--cb76c295/artifacts/profile_export_raw.jsonl
2026-09-04 03:13:19.934 - RawRecordAggregator - INFO - Aggregated 19 raw records to /data/semi-analysis-report/results/kimi-k3-isl8k-osl1k-20260903T212100Z-705bc03c/models/kimi-k3/providers/baseten/performance/synthetic-c1/performance--kimi-k3--baseten--synthetic--c1--cb76c295/artifacts/profile_export_raw.jsonl
2026-09-04 03:13:19.942 - ExporterManager - INFO - Exporting console data
