2026-09-04 03:18:48.325 - aiperf.cli_runner._single_run - INFO - Starting AIPerf System
2026-09-04 03:18:48.335 - aiperf.config.resolution.resolvers - INFO - [OK] Tokenizer moonshotai/Kimi-K3 detected
2026-09-04 03:18:48.336 - aiperf.config.resolution.resolvers - INFO - 1 tokenizer validated | 0.0s
2026-09-04 03:18:48.336 - aiperf.config.resolution.resolvers - INFO - HF cache hit (skipping prefetch): ['moonshotai/Kimi-K3']
2026-09-04 03:18:48.535 - aiperf - WARNING - Using --osl without ignore_eos or min_tokens in --extra-inputs. Output sequence length cannot be guaranteed unless the server honors these parameters. Consider: --extra-inputs ignore_eos:true (generate until max_tokens) or --extra-inputs min_tokens:<value> (set minimum output length).
2026-09-04 03:18:48.675 - system_controller - INFO - Registered Gpu Telemetry Manager (id: 'gpu_telemetry_manager')
2026-09-04 03:18:48.681 - server_metrics_manager - INFO - Server Metrics: Discovered 1 endpoints: ['https://api.together.ai/v1/chat/completions/metrics']
2026-09-04 03:18:48.691 - system_controller - INFO - Registered Server Metrics Manager (id: 'server_metrics_manager')
2026-09-04 03:18:48.703 - GPUTelemetryJSONLWriter_c18bfd50 - INFO - GPU telemetry export enabled: /data/semi-analysis-report/results/kimi-k3-isl8k-osl1k-20260903T212100Z-705bc03c/models/kimi-k3/providers/together/performance/synthetic-c1/performance--kimi-k3--together--synthetic--c1--a4146cff/artifacts/gpu_telemetry_export.jsonl
2026-09-04 03:18:48.709 - OTelMetricsResultsProcessor_a30de61c - INFO - Telemetry streaming is disabled (set --otel-url and/or --mlflow-tracking-uri to enable)
2026-09-04 03:18:48.710 - RecordExportJSONLWriter_31589de6 - INFO - Record metrics export enabled: /data/semi-analysis-report/results/kimi-k3-isl8k-osl1k-20260903T212100Z-705bc03c/models/kimi-k3/providers/together/performance/synthetic-c1/performance--kimi-k3--together--synthetic--c1--a4146cff/artifacts/profile_export.jsonl
2026-09-04 03:18:48.710 - RecordExportJSONLWriter_31589de6 - INFO - HTTP trace export enabled (--export-http-trace)
2026-09-04 03:18:48.723 - system_controller - INFO - Registered Records Manager (id: 'records_manager')
2026-09-04 03:18:48.760 - system_controller - INFO - Registered Worker Manager (id: 'worker_manager')
2026-09-04 03:18:48.788 - RawRecordWriterProcessor_ef527c3b - INFO - RawRecordWriter initialized: /data/semi-analysis-report/results/kimi-k3-isl8k-osl1k-20260903T212100Z-705bc03c/models/kimi-k3/providers/together/performance/synthetic-c1/performance--kimi-k3--together--synthetic--c1--a4146cff/artifacts/raw_records/raw_records_record_processor_396af422.jsonl - FULL request/response data will be exported (files may be large)
2026-09-04 03:18:48.795 - system_controller - INFO - Registered Record Processor (id: 'record_processor_396af422')
2026-09-04 03:18:48.799 - system_controller - INFO - Registered Dataset Manager (id: 'dataset_manager')
2026-09-04 03:18:48.941 - system_controller - INFO - Registered Timing Manager (id: 'timing_manager')
2026-09-04 03:18:49.013 - system_controller - INFO - Registered Worker (id: 'worker_397a8af2')
2026-09-04 03:18:49.161 - system_controller - INFO - AIPerf System is CONFIGURING
2026-09-04 03:18:49.162 - system_controller - INFO - Configuring all services to start profiling
2026-09-04 03:18:49.162 - InferenceResultParser_ebad475b - INFO - Tokenization is disabled for this endpoint, skipping tokenizer configuration
2026-09-04 03:18:49.163 - timing_manager - INFO - Waiting for dataset to be configured before configuring timing
2026-09-04 03:18:49.163 - dataset_manager - INFO - Configuring tokenizer(s) for dataset manager
2026-09-04 03:18:49.188 - gpu_telemetry_manager - WARNING - GPU Telemetry: http://localhost:9400/metrics is not reachable
2026-09-04 03:18:49.189 - gpu_telemetry_manager - WARNING - GPU Telemetry: http://localhost:9401/metrics is not reachable
2026-09-04 03:18:49.190 - system_controller - INFO - DCGM telemetry skipped: no telemetry sources reachable
2026-09-04 03:18:49.190 - system_controller - INFO - Waiting for result domains: profile, server_metrics
2026-09-04 03:18:49.642 - system_controller - INFO - Server metrics disabled - no Prometheus endpoints reachable
2026-09-04 03:18:49.642 - system_controller - INFO - Waiting for result domains: profile
2026-09-04 03:18:50.308 - httpx - INFO - HTTP Request: HEAD https://huggingface.co/moonshotai/Kimi-K3/resolve/main/config.json "HTTP/1.1 307 Temporary Redirect"
2026-09-04 03:18:50.309 - huggingface_hub.utils._http - WARNING - Warning: You are sending unauthenticated requests to the HF Hub. Please set a HF_TOKEN to enable higher rate limits and faster downloads.
2026-09-04 03:18:50.314 - httpx - INFO - HTTP Request: HEAD https://huggingface.co/api/resolve-cache/models/moonshotai/Kimi-K3/f831ab66814297da540d832a5235f8e904f29d06/config.json "HTTP/1.1 200 OK"
2026-09-04 03:18:50.536 - httpx - INFO - HTTP Request: HEAD https://huggingface.co/moonshotai/Kimi-K3/resolve/main/configuration_kimi_k3.py "HTTP/1.1 307 Temporary Redirect"
2026-09-04 03:18:50.543 - httpx - INFO - HTTP Request: HEAD https://huggingface.co/api/resolve-cache/models/moonshotai/Kimi-K3/f831ab66814297da540d832a5235f8e904f29d06/configuration_kimi_k3.py "HTTP/1.1 200 OK"
2026-09-04 03:18:50.764 - httpx - INFO - HTTP Request: HEAD https://huggingface.co/moonshotai/Kimi-K3/resolve/main/config.json "HTTP/1.1 307 Temporary Redirect"
2026-09-04 03:18:50.770 - httpx - INFO - HTTP Request: HEAD https://huggingface.co/api/resolve-cache/models/moonshotai/Kimi-K3/f831ab66814297da540d832a5235f8e904f29d06/config.json "HTTP/1.1 200 OK"
2026-09-04 03:18:50.992 - httpx - INFO - HTTP Request: HEAD https://huggingface.co/moonshotai/Kimi-K3/resolve/main/tokenizer_config.json "HTTP/1.1 307 Temporary Redirect"
2026-09-04 03:18:50.998 - httpx - INFO - HTTP Request: HEAD https://huggingface.co/api/resolve-cache/models/moonshotai/Kimi-K3/f831ab66814297da540d832a5235f8e904f29d06/tokenizer_config.json "HTTP/1.1 200 OK"
2026-09-04 03:18:51.219 - httpx - INFO - HTTP Request: HEAD https://huggingface.co/moonshotai/Kimi-K3/resolve/main/tokenization_kimi.py "HTTP/1.1 307 Temporary Redirect"
2026-09-04 03:18:51.225 - httpx - INFO - HTTP Request: HEAD https://huggingface.co/api/resolve-cache/models/moonshotai/Kimi-K3/f831ab66814297da540d832a5235f8e904f29d06/tokenization_kimi.py "HTTP/1.1 200 OK"
2026-09-04 03:18:51.453 - httpx - INFO - HTTP Request: GET https://huggingface.co/api/models/moonshotai/Kimi-K3/tree/main/additional_chat_templates?recursive=false&expand=false "HTTP/1.1 404 Not Found"
2026-09-04 03:18:51.680 - httpx - INFO - HTTP Request: GET https://huggingface.co/api/models/moonshotai/Kimi-K3/tree/main?recursive=true&expand=false "HTTP/1.1 200 OK"
2026-09-04 03:18:51.841 - transformers_modules.moonshotai.Kimi_hyphen_K3.f831ab66814297da540d832a5235f8e904f29d06.tokenization_kimi - INFO - Reloaded tiktoken model from /home/prasanna/.cache/huggingface/hub/models--moonshotai--Kimi-K3/snapshots/f831ab66814297da540d832a5235f8e904f29d06/tiktoken.model
2026-09-04 03:18:51.841 - transformers_modules.moonshotai.Kimi_hyphen_K3.f831ab66814297da540d832a5235f8e904f29d06.tokenization_kimi - INFO - #words: 163840 - BOS ID: 163584 - EOS ID: 163585
2026-09-04 03:18:52.002 - dataset_manager - INFO - Tokenizer(s) configured in 2.84 seconds
2026-09-04 03:18:52.002 - dataset_manager - INFO - Configuring dataset for dataset_manager
2026-09-04 03:18:52.440 - transformers_modules.moonshotai.Kimi_hyphen_K3.f831ab66814297da540d832a5235f8e904f29d06.tokenization_kimi - WARNING - Calling super().encode with {'add_special_tokens': False}
2026-09-04 03:18:52.441 - transformers_modules.moonshotai.Kimi_hyphen_K3.f831ab66814297da540d832a5235f8e904f29d06.tokenization_kimi - WARNING - Calling super().encode with {'add_special_tokens': False}
2026-09-04 03:18:52.441 - transformers_modules.moonshotai.Kimi_hyphen_K3.f831ab66814297da540d832a5235f8e904f29d06.tokenization_kimi - WARNING - Calling super().encode with {'add_special_tokens': False}
2026-09-04 03:18:52.441 - transformers_modules.moonshotai.Kimi_hyphen_K3.f831ab66814297da540d832a5235f8e904f29d06.tokenization_kimi - WARNING - Calling super().encode with {'add_special_tokens': False}
2026-09-04 03:18:52.455 - MemoryMapDatasetBackingStore_c0d17d9b - INFO - Memory-mapped backing store initialized (streaming to /tmp/aiperf_mmap_f4294017df52/dataset.dat)
2026-09-04 03:18:52.457 - MemoryMapDatasetBackingStore_c0d17d9b - INFO - Data file finalized: 12 conversations, 0.41 MB
2026-09-04 03:18:52.458 - MemoryMapDatasetBackingStore_c0d17d9b - INFO - Index file created: /tmp/aiperf_mmap_f4294017df52/index.dat
2026-09-04 03:18:52.459 - dataset_manager - INFO - Backing store finalized: client_type=DatasetClientStoreType.MEMORY_MAP format=MemoryMapFormat.CONVERSATION data_file_path=PosixPath('/tmp/aiperf_mmap_f4294017df52/dataset.dat') index_file_path=PosixPath('/tmp/aiperf_mmap_f4294017df52/index.dat') conversation_count=12 total_size_bytes=429789 compressed=False compressed_data_file_path=None compressed_index_file_path=None compressed_size_bytes=0
2026-09-04 03:18:52.459 - dataset_manager - INFO - sampling strategy: sequential, unique conversations: 12, unique turn count: 12
2026-09-04 03:18:52.460 - dataset_manager - INFO - Generating inputs.json file at /data/semi-analysis-report/results/kimi-k3-isl8k-osl1k-20260903T212100Z-705bc03c/models/kimi-k3/providers/together/performance/synthetic-c1/performance--kimi-k3--together--synthetic--c1--a4146cff/artifacts/inputs.json
2026-09-04 03:18:52.461 - PhaseOrchestrator_f6519262 - INFO - Initialized 2 phase(s): ['Warmup', 'Profiling']
2026-09-04 03:18:52.463 - dataset_manager - INFO - inputs.json file generated in 0.00 seconds
2026-09-04 03:18:52.552 - dataset_manager - INFO - Dataset client initialized and freed 12 conversations from memory
2026-09-04 03:18:52.552 - dataset_manager - INFO - Dataset configured in 0.55 seconds
2026-09-04 03:18:52.553 - system_controller - INFO - All services configured in 3.39 seconds
2026-09-04 03:18:52.553 - system_controller - INFO - AIPerf System is CONFIGURED
2026-09-04 03:18:52.554 - system_controller - INFO - All services started profiling successfully
2026-09-04 03:18:52.554 - system_controller - INFO - AIPerf System is PROFILING
2026-09-04 03:18:52.556 - RateTiming - INFO - Creating interval generator: pattern=concurrency_burst, rate=None, smoothness=None
2026-09-04 03:18:52.557 - PhaseRunner - NOTICE - Phase warmup (warmup) started | phase_index=0 | target: 1 requests
2026-09-04 03:18:52.558 - PhaseRunner - NOTICE - Phase warmup (warmup) sending complete | sent=1, completed=0, in_flight=1 | sessions: sent=1, completed=0
2026-09-04 03:18:52.558 - records_manager - INFO - Credit phase start: warmup
2026-09-04 03:19:02.192 - PhaseRunner - NOTICE - Phase warmup (warmup) complete | completed=1, cancelled=0, errors=0 | sessions: completed=1, cancelled=0 | elapsed=9.64s
2026-09-04 03:19:02.193 - RateTiming - INFO - Creating interval generator: pattern=concurrency_burst, rate=None, smoothness=None
2026-09-04 03:19:02.193 - PhaseRunner - NOTICE - Phase profiling (profiling) started | phase_index=1 | profiling_index=0 | target: 300.0s duration
2026-09-04 03:19:02.194 - PhaseRunner - INFO - Waiting for event 'profiling phase sending' with timeout of 299.999710044s
2026-09-04 03:19:02.194 - records_manager - INFO - Credit phase start: profiling
2026-09-04 03:19:02.195 - aiperf.metrics.types.osl_mismatch_metrics - WARNING - OSL mismatch: got 614 tokens (requested 1024, diff -40.0%)
2026-09-04 03:21:47.748 - aiperf.metrics.types.osl_mismatch_metrics - WARNING - OSL mismatch: got 368 tokens (requested 1024, diff -64.1%)
2026-09-04 03:24:02.194 - PhaseRunner - INFO - Timeout of 299.999710044s elapsed for event 'profiling phase sending'
2026-09-04 03:24:02.195 - PhaseRunner - NOTICE - Phase profiling (profiling) sending complete | sent=17, completed=16, in_flight=1 | sessions: sent=17, completed=16 | timeout_triggered=True
2026-09-04 03:24:02.197 - PhaseRunner - INFO - Timeout of 0.0s elapsed for event 'profiling phase credits returned'
2026-09-04 03:24:02.197 - PhaseRunner - WARNING - Phase profiling timed out, cancelling all credits. Stats: sent=17, completed=16, cancelled=0, in_flight=1
2026-09-04 03:24:02.197 - StickyCreditRouter_1c54a441 - INFO - Sent cancellation requests for 1 in-flight credits across 1 workers
2026-09-04 03:24:02.197 - PhaseRunner - INFO - Waiting for all cancelled credits to be returned for phase profiling. Need 1 more credits.
2026-09-04 03:24:02.197 - records_manager - INFO - Sent 17 requests. Waiting for all to complete...
2026-09-04 03:24:02.197 - PhaseRunner - INFO - All cancelled credits returned for phase profiling
2026-09-04 03:24:02.198 - PhaseRunner - NOTICE - Phase profiling (profiling) complete | completed=16, cancelled=1, errors=0 | sessions: completed=16, cancelled=1 | elapsed=300.00s | grace_period_timeout=True
2026-09-04 03:24:02.198 - PhaseOrchestrator_f6519262 - NOTICE - All credits completed
2026-09-04 03:24:02.198 - records_manager - INFO - Received CREDIT_PHASE_COMPLETE message, Phase complete: PhaseRecordsStats(phase=CreditPhase.PROFILING, phase_index=1, profiling_index=0, phase_name='profiling', phase_kind='profiling', start_ns=1788472142193701566, sent_end_ns=1788472442195027816, requests_end_ns=1788472442197907553, baseline_start_ns=1788472142193684305, baseline_end_ns=1788472442197911673, total_expected_requests=None, expected_duration_sec=None, expected_num_sessions=None, expected_grace_period_sec=None, final_requests_sent=None, final_requests_completed=16, final_requests_cancelled=1, final_request_errors=0, final_sent_sessions=None, final_completed_sessions=None, final_cancelled_sessions=None, timeout_triggered=True, grace_period_timeout_triggered=True, was_cancelled=False, records_end_ns=None, success_records=16, error_records=0)
2026-09-04 03:24:02.198 - system_controller - INFO - Received credits complete from 'timing_manager'
2026-09-04 03:24:02.198 - records_manager - NOTICE - All requests have completed, please wait for the results to be processed (currently 16 of 16 records processed)...
2026-09-04 03:24:02.198 - records_manager - INFO - Processed 16 valid requests and 0 errors (16 total).
2026-09-04 03:24:02.198 - records_manager - INFO - Received all records, processing now...
2026-09-04 03:24:02.199 - records_manager - INFO - All credits complete, please wait for the results to be processed...
2026-09-04 03:24:02.199 - records_manager - INFO - Waiting 2.0s for server metrics flush period...
2026-09-04 03:24:04.198 - records_manager - INFO - Processing records results...
2026-09-04 03:24:04.220 - records_manager - INFO - _finalize_and_process_results completed
2026-09-04 03:24:04.222 - system_controller - INFO - All results received, initiating shutdown
2026-09-04 03:24:04.826 - ExporterManager - INFO - Exporting all records
2026-09-04 03:24:04.856 - RawRecordAggregator - INFO - Aggregating 1 raw record files from /data/semi-analysis-report/results/kimi-k3-isl8k-osl1k-20260903T212100Z-705bc03c/models/kimi-k3/providers/together/performance/synthetic-c1/performance--kimi-k3--together--synthetic--c1--a4146cff/artifacts/raw_records to /data/semi-analysis-report/results/kimi-k3-isl8k-osl1k-20260903T212100Z-705bc03c/models/kimi-k3/providers/together/performance/synthetic-c1/performance--kimi-k3--together--synthetic--c1--a4146cff/artifacts/profile_export_raw.jsonl
2026-09-04 03:24:04.871 - RawRecordAggregator - INFO - Aggregated 17 raw records to /data/semi-analysis-report/results/kimi-k3-isl8k-osl1k-20260903T212100Z-705bc03c/models/kimi-k3/providers/together/performance/synthetic-c1/performance--kimi-k3--together--synthetic--c1--a4146cff/artifacts/profile_export_raw.jsonl
2026-09-04 03:24:04.878 - ExporterManager - INFO - Exporting console data
