2026-09-04 03:20:54.157 - aiperf.cli_runner._single_run - INFO - Starting AIPerf System
2026-09-04 03:20:54.167 - aiperf.config.resolution.resolvers - INFO - [OK] Tokenizer THUDM/glm-4-9b-chat detected
2026-09-04 03:20:54.167 - aiperf.config.resolution.resolvers - INFO - 1 tokenizer validated | 0.0s
2026-09-04 03:20:54.167 - aiperf.config.resolution.resolvers - INFO - HF cache hit (skipping prefetch): ['THUDM/glm-4-9b-chat']
2026-09-04 03:20:54.367 - aiperf - WARNING - Using --osl without ignore_eos or min_tokens in --extra-inputs. Output sequence length cannot be guaranteed unless the server honors these parameters. Consider: --extra-inputs ignore_eos:true (generate until max_tokens) or --extra-inputs min_tokens:<value> (set minimum output length).
2026-09-04 03:20:54.505 - server_metrics_manager - INFO - Server Metrics: Discovered 1 endpoints: ['https://api.together.ai/v1/chat/completions/metrics']
2026-09-04 03:20:54.505 - system_controller - INFO - Registered Gpu Telemetry Manager (id: 'gpu_telemetry_manager')
2026-09-04 03:20:54.514 - system_controller - INFO - Registered Server Metrics Manager (id: 'server_metrics_manager')
2026-09-04 03:20:54.538 - GPUTelemetryJSONLWriter_100764c2 - INFO - GPU telemetry export enabled: /data/semi-analysis-report/results/glm-5-3-flash-isl8k-osl1k-20260903T212829Z-d65c3810/models/glm-5-3-flash/providers/together/performance/synthetic-c1/performance--glm-5-3-flash--together--synthetic--c1--eb275988/artifacts/gpu_telemetry_export.jsonl
2026-09-04 03:20:54.545 - OTelMetricsResultsProcessor_03665773 - INFO - Telemetry streaming is disabled (set --otel-url and/or --mlflow-tracking-uri to enable)
2026-09-04 03:20:54.546 - RecordExportJSONLWriter_b645d4e0 - INFO - Record metrics export enabled: /data/semi-analysis-report/results/glm-5-3-flash-isl8k-osl1k-20260903T212829Z-d65c3810/models/glm-5-3-flash/providers/together/performance/synthetic-c1/performance--glm-5-3-flash--together--synthetic--c1--eb275988/artifacts/profile_export.jsonl
2026-09-04 03:20:54.546 - RecordExportJSONLWriter_b645d4e0 - INFO - HTTP trace export enabled (--export-http-trace)
2026-09-04 03:20:54.560 - system_controller - INFO - Registered Records Manager (id: 'records_manager')
2026-09-04 03:20:54.590 - system_controller - INFO - Registered Worker Manager (id: 'worker_manager')
2026-09-04 03:20:54.613 - system_controller - INFO - Registered Dataset Manager (id: 'dataset_manager')
2026-09-04 03:20:54.619 - RawRecordWriterProcessor_1f20b895 - INFO - RawRecordWriter initialized: /data/semi-analysis-report/results/glm-5-3-flash-isl8k-osl1k-20260903T212829Z-d65c3810/models/glm-5-3-flash/providers/together/performance/synthetic-c1/performance--glm-5-3-flash--together--synthetic--c1--eb275988/artifacts/raw_records/raw_records_record_processor_26fd48aa.jsonl - FULL request/response data will be exported (files may be large)
2026-09-04 03:20:54.627 - system_controller - INFO - Registered Record Processor (id: 'record_processor_26fd48aa')
2026-09-04 03:20:54.776 - system_controller - INFO - Registered Timing Manager (id: 'timing_manager')
2026-09-04 03:20:54.835 - system_controller - INFO - Registered Worker (id: 'worker_0ab89620')
2026-09-04 03:20:54.988 - system_controller - INFO - AIPerf System is CONFIGURING
2026-09-04 03:20:54.988 - system_controller - INFO - Configuring all services to start profiling
2026-09-04 03:20:54.989 - InferenceResultParser_048c6fef - INFO - Tokenization is disabled for this endpoint, skipping tokenizer configuration
2026-09-04 03:20:54.989 - timing_manager - INFO - Waiting for dataset to be configured before configuring timing
2026-09-04 03:20:54.990 - dataset_manager - INFO - Configuring tokenizer(s) for dataset manager
2026-09-04 03:20:55.007 - gpu_telemetry_manager - WARNING - GPU Telemetry: http://localhost:9400/metrics is not reachable
2026-09-04 03:20:55.009 - gpu_telemetry_manager - WARNING - GPU Telemetry: http://localhost:9401/metrics is not reachable
2026-09-04 03:20:55.010 - system_controller - INFO - DCGM telemetry skipped: no telemetry sources reachable
2026-09-04 03:20:55.010 - system_controller - INFO - Waiting for result domains: profile, server_metrics
2026-09-04 03:20:55.459 - system_controller - INFO - Server metrics disabled - no Prometheus endpoints reachable
2026-09-04 03:20:55.459 - system_controller - INFO - Waiting for result domains: profile
2026-09-04 03:20:56.051 - httpx - INFO - HTTP Request: HEAD https://huggingface.co/THUDM/glm-4-9b-chat/resolve/main/config.json "HTTP/1.1 307 Temporary Redirect"
2026-09-04 03:20:56.272 - httpx - INFO - HTTP Request: HEAD https://huggingface.co/zai-org/glm-4-9b-chat/resolve/main/config.json "HTTP/1.1 307 Temporary Redirect"
2026-09-04 03:20:56.272 - huggingface_hub.utils._http - WARNING - Warning: You are sending unauthenticated requests to the HF Hub. Please set a HF_TOKEN to enable higher rate limits and faster downloads.
2026-09-04 03:20:56.278 - httpx - INFO - HTTP Request: HEAD https://huggingface.co/api/resolve-cache/models/zai-org/glm-4-9b-chat/bd8234fe5e0c09c48637a92abb0c797cb5fa0e73/config.json "HTTP/1.1 200 OK"
2026-09-04 03:20:56.495 - httpx - INFO - HTTP Request: HEAD https://huggingface.co/THUDM/glm-4-9b-chat/resolve/main/configuration_chatglm.py "HTTP/1.1 307 Temporary Redirect"
2026-09-04 03:20:56.716 - httpx - INFO - HTTP Request: HEAD https://huggingface.co/zai-org/glm-4-9b-chat/resolve/main/configuration_chatglm.py "HTTP/1.1 307 Temporary Redirect"
2026-09-04 03:20:56.722 - httpx - INFO - HTTP Request: HEAD https://huggingface.co/api/resolve-cache/models/zai-org/glm-4-9b-chat/bd8234fe5e0c09c48637a92abb0c797cb5fa0e73/configuration_chatglm.py "HTTP/1.1 200 OK"
2026-09-04 03:20:57.050 - httpx - INFO - HTTP Request: HEAD https://huggingface.co/THUDM/glm-4-9b-chat/resolve/main/config.json "HTTP/1.1 307 Temporary Redirect"
2026-09-04 03:20:57.282 - httpx - INFO - HTTP Request: HEAD https://huggingface.co/zai-org/glm-4-9b-chat/resolve/main/config.json "HTTP/1.1 307 Temporary Redirect"
2026-09-04 03:20:57.289 - httpx - INFO - HTTP Request: HEAD https://huggingface.co/api/resolve-cache/models/zai-org/glm-4-9b-chat/bd8234fe5e0c09c48637a92abb0c797cb5fa0e73/config.json "HTTP/1.1 200 OK"
2026-09-04 03:20:57.511 - httpx - INFO - HTTP Request: HEAD https://huggingface.co/THUDM/glm-4-9b-chat/resolve/main/tokenizer_config.json "HTTP/1.1 307 Temporary Redirect"
2026-09-04 03:20:57.731 - httpx - INFO - HTTP Request: HEAD https://huggingface.co/zai-org/glm-4-9b-chat/resolve/main/tokenizer_config.json "HTTP/1.1 307 Temporary Redirect"
2026-09-04 03:20:57.740 - httpx - INFO - HTTP Request: HEAD https://huggingface.co/api/resolve-cache/models/zai-org/glm-4-9b-chat/bd8234fe5e0c09c48637a92abb0c797cb5fa0e73/tokenizer_config.json "HTTP/1.1 200 OK"
2026-09-04 03:20:57.957 - httpx - INFO - HTTP Request: HEAD https://huggingface.co/THUDM/glm-4-9b-chat/resolve/main/tokenization_chatglm.py "HTTP/1.1 307 Temporary Redirect"
2026-09-04 03:20:58.173 - httpx - INFO - HTTP Request: HEAD https://huggingface.co/zai-org/glm-4-9b-chat/resolve/main/tokenization_chatglm.py "HTTP/1.1 307 Temporary Redirect"
2026-09-04 03:20:58.180 - httpx - INFO - HTTP Request: HEAD https://huggingface.co/api/resolve-cache/models/zai-org/glm-4-9b-chat/bd8234fe5e0c09c48637a92abb0c797cb5fa0e73/tokenization_chatglm.py "HTTP/1.1 200 OK"
2026-09-04 03:20:58.404 - httpx - INFO - HTTP Request: GET https://huggingface.co/api/models/THUDM/glm-4-9b-chat/tree/main/additional_chat_templates?recursive=false&expand=false "HTTP/1.1 307 Temporary Redirect"
2026-09-04 03:20:58.674 - httpx - INFO - HTTP Request: GET https://huggingface.co/api/models/zai-org/glm-4-9b-chat/tree/main/additional_chat_templates?recursive=false&expand=false "HTTP/1.1 404 Not Found"
2026-09-04 03:20:58.895 - httpx - INFO - HTTP Request: GET https://huggingface.co/api/models/THUDM/glm-4-9b-chat/tree/main?recursive=true&expand=false "HTTP/1.1 307 Temporary Redirect"
2026-09-04 03:20:59.128 - httpx - INFO - HTTP Request: GET https://huggingface.co/api/models/zai-org/glm-4-9b-chat/tree/main?recursive=true&expand=false "HTTP/1.1 200 OK"
2026-09-04 03:20:59.323 - dataset_manager - INFO - Tokenizer(s) configured in 4.33 seconds
2026-09-04 03:20:59.323 - dataset_manager - INFO - Configuring dataset for dataset_manager
2026-09-04 03:21:00.990 - MemoryMapDatasetBackingStore_556e95e1 - INFO - Memory-mapped backing store initialized (streaming to /tmp/aiperf_mmap_5d0fcb99da2f/dataset.dat)
2026-09-04 03:21:00.992 - MemoryMapDatasetBackingStore_556e95e1 - INFO - Data file finalized: 12 conversations, 0.42 MB
2026-09-04 03:21:00.992 - MemoryMapDatasetBackingStore_556e95e1 - INFO - Index file created: /tmp/aiperf_mmap_5d0fcb99da2f/index.dat
2026-09-04 03:21:00.992 - dataset_manager - INFO - Backing store finalized: client_type=DatasetClientStoreType.MEMORY_MAP format=MemoryMapFormat.CONVERSATION data_file_path=PosixPath('/tmp/aiperf_mmap_5d0fcb99da2f/dataset.dat') index_file_path=PosixPath('/tmp/aiperf_mmap_5d0fcb99da2f/index.dat') conversation_count=12 total_size_bytes=435531 compressed=False compressed_data_file_path=None compressed_index_file_path=None compressed_size_bytes=0
2026-09-04 03:21:00.993 - dataset_manager - INFO - sampling strategy: sequential, unique conversations: 12, unique turn count: 12
2026-09-04 03:21:00.993 - dataset_manager - INFO - Generating inputs.json file at /data/semi-analysis-report/results/glm-5-3-flash-isl8k-osl1k-20260903T212829Z-d65c3810/models/glm-5-3-flash/providers/together/performance/synthetic-c1/performance--glm-5-3-flash--together--synthetic--c1--eb275988/artifacts/inputs.json
2026-09-04 03:21:00.994 - PhaseOrchestrator_1f8d0c13 - INFO - Initialized 2 phase(s): ['Warmup', 'Profiling']
2026-09-04 03:21:00.995 - dataset_manager - INFO - inputs.json file generated in 0.00 seconds
2026-09-04 03:21:01.081 - dataset_manager - INFO - Dataset client initialized and freed 12 conversations from memory
2026-09-04 03:21:01.081 - dataset_manager - INFO - Dataset configured in 1.76 seconds
2026-09-04 03:21:01.081 - system_controller - INFO - All services configured in 6.09 seconds
2026-09-04 03:21:01.081 - system_controller - INFO - AIPerf System is CONFIGURED
2026-09-04 03:21:01.083 - system_controller - INFO - All services started profiling successfully
2026-09-04 03:21:01.083 - system_controller - INFO - AIPerf System is PROFILING
2026-09-04 03:21:01.084 - RateTiming - INFO - Creating interval generator: pattern=concurrency_burst, rate=None, smoothness=None
2026-09-04 03:21:01.084 - PhaseRunner - NOTICE - Phase warmup (warmup) started | phase_index=0 | target: 1 requests
2026-09-04 03:21:01.085 - PhaseRunner - NOTICE - Phase warmup (warmup) sending complete | sent=1, completed=0, in_flight=1 | sessions: sent=1, completed=0
2026-09-04 03:21:01.085 - records_manager - INFO - Credit phase start: warmup
2026-09-04 03:21:04.852 - PhaseRunner - NOTICE - Phase warmup (warmup) complete | completed=1, cancelled=0, errors=0 | sessions: completed=1, cancelled=0 | elapsed=3.77s
2026-09-04 03:21:04.852 - RateTiming - INFO - Creating interval generator: pattern=concurrency_burst, rate=None, smoothness=None
2026-09-04 03:21:04.852 - PhaseRunner - NOTICE - Phase profiling (profiling) started | phase_index=1 | profiling_index=0 | target: 300.0s duration
2026-09-04 03:21:04.853 - PhaseRunner - INFO - Waiting for event 'profiling phase sending' with timeout of 299.99979463s
2026-09-04 03:21:04.853 - records_manager - INFO - Credit phase start: profiling
2026-09-04 03:21:04.855 - aiperf.metrics.types.osl_mismatch_metrics - WARNING - OSL mismatch: got 420 tokens (requested 1024, diff -59.0%)
2026-09-04 03:24:07.790 - aiperf.metrics.types.osl_mismatch_metrics - WARNING - OSL mismatch: got 665 tokens (requested 1024, diff -35.1%)
2026-09-04 03:25:04.524 - aiperf.metrics.types.osl_mismatch_metrics - WARNING - OSL mismatch: got 793 tokens (requested 1024, diff -22.6%)
2026-09-04 03:26:04.852 - PhaseRunner - INFO - Timeout of 299.99979463s elapsed for event 'profiling phase sending'
2026-09-04 03:26:04.852 - PhaseRunner - NOTICE - Phase profiling (profiling) sending complete | sent=82, completed=81, in_flight=1 | sessions: sent=82, completed=81 | timeout_triggered=True
2026-09-04 03:26:04.855 - PhaseRunner - INFO - Timeout of 0.0s elapsed for event 'profiling phase credits returned'
2026-09-04 03:26:04.855 - PhaseRunner - WARNING - Phase profiling timed out, cancelling all credits. Stats: sent=82, completed=81, cancelled=0, in_flight=1
2026-09-04 03:26:04.855 - StickyCreditRouter_5f29e33c - INFO - Sent cancellation requests for 1 in-flight credits across 1 workers
2026-09-04 03:26:04.855 - PhaseRunner - INFO - Waiting for all cancelled credits to be returned for phase profiling. Need 1 more credits.
2026-09-04 03:26:04.855 - records_manager - INFO - Sent 82 requests. Waiting for all to complete...
2026-09-04 03:26:04.856 - PhaseRunner - INFO - All cancelled credits returned for phase profiling
2026-09-04 03:26:04.856 - PhaseRunner - NOTICE - Phase profiling (profiling) complete | completed=81, cancelled=1, errors=40 | sessions: completed=81, cancelled=1 | elapsed=300.00s | grace_period_timeout=True
2026-09-04 03:26:04.856 - PhaseOrchestrator_1f8d0c13 - NOTICE - All credits completed
2026-09-04 03:26:04.857 - system_controller - INFO - Received credits complete from 'timing_manager'
2026-09-04 03:26:04.857 - records_manager - INFO - Received CREDIT_PHASE_COMPLETE message, Phase complete: PhaseRecordsStats(phase=CreditPhase.PROFILING, phase_index=1, profiling_index=0, phase_name='profiling', phase_kind='profiling', start_ns=1788472264852869461, sent_end_ns=1788472564852917561, requests_end_ns=1788472564856512886, baseline_start_ns=1788472264852854681, baseline_end_ns=1788472564856521358, total_expected_requests=None, expected_duration_sec=None, expected_num_sessions=None, expected_grace_period_sec=None, final_requests_sent=None, final_requests_completed=81, final_requests_cancelled=1, final_request_errors=40, final_sent_sessions=None, final_completed_sessions=None, final_cancelled_sessions=None, timeout_triggered=True, grace_period_timeout_triggered=True, was_cancelled=False, records_end_ns=None, success_records=41, error_records=40)
2026-09-04 03:26:04.857 - records_manager - NOTICE - All requests have completed, please wait for the results to be processed (currently 81 of 81 records processed)...
2026-09-04 03:26:04.857 - records_manager - INFO - Processed 41 valid requests and 40 errors (81 total).
2026-09-04 03:26:04.857 - records_manager - INFO - Received all records, processing now...
2026-09-04 03:26:04.858 - records_manager - INFO - All credits complete, please wait for the results to be processed...
2026-09-04 03:26:04.859 - records_manager - INFO - Waiting 2.0s for server metrics flush period...
2026-09-04 03:26:06.856 - records_manager - INFO - Processing records results...
2026-09-04 03:26:06.903 - records_manager - INFO - _finalize_and_process_results completed
2026-09-04 03:26:06.903 - system_controller - INFO - All results received, initiating shutdown
2026-09-04 03:26:07.505 - ExporterManager - INFO - Exporting all records
2026-09-04 03:26:07.532 - RawRecordAggregator - INFO - Aggregating 1 raw record files from /data/semi-analysis-report/results/glm-5-3-flash-isl8k-osl1k-20260903T212829Z-d65c3810/models/glm-5-3-flash/providers/together/performance/synthetic-c1/performance--glm-5-3-flash--together--synthetic--c1--eb275988/artifacts/raw_records to /data/semi-analysis-report/results/glm-5-3-flash-isl8k-osl1k-20260903T212829Z-d65c3810/models/glm-5-3-flash/providers/together/performance/synthetic-c1/performance--glm-5-3-flash--together--synthetic--c1--eb275988/artifacts/profile_export_raw.jsonl
2026-09-04 03:26:07.570 - RawRecordAggregator - INFO - Aggregated 82 raw records to /data/semi-analysis-report/results/glm-5-3-flash-isl8k-osl1k-20260903T212829Z-d65c3810/models/glm-5-3-flash/providers/together/performance/synthetic-c1/performance--glm-5-3-flash--together--synthetic--c1--eb275988/artifacts/profile_export_raw.jsonl
2026-09-04 03:26:07.578 - ExporterManager - INFO - Exporting console data
