
Generating train split:   0%|          | 0/393 [00:00<?, ? examples/s]
Generating train split:   1%|          | 4/393 [00:00<00:25, 15.21 examples/s]
Generating train split:   2%|▏         | 7/393 [00:00<00:47,  8.13 examples/s]
Generating train split:   4%|▎         | 14/393 [00:00<00:23, 15.88 examples/s]
Generating train split:   8%|▊         | 31/393 [00:04<00:52,  6.93 examples/s]
Generating train split:   9%|▉         | 37/393 [00:04<00:41,  8.61 examples/s]
Generating train split:  11%|█         | 42/393 [00:04<00:42,  8.27 examples/s]
Generating train split:  11%|█▏        | 45/393 [00:05<00:49,  7.06 examples/s]
Generating train split:  14%|█▎        | 54/393 [00:06<00:32, 10.30 examples/s]
Generating train split:  14%|█▍        | 56/393 [00:07<01:05,  5.18 examples/s]
Generating train split:  15%|█▍        | 58/393 [00:08<01:06,  5.06 examples/s]
Generating train split:  16%|█▌        | 61/393 [00:08<00:59,  5.57 examples/s]
Generating train split:  18%|█▊        | 70/393 [00:08<00:34,  9.34 examples/s]
Generating train split:  18%|█▊        | 72/393 [00:09<00:39,  8.04 examples/s]
Generating train split:  21%|██        | 81/393 [00:09<00:24, 12.77 examples/s]
Generating train split:  22%|██▏       | 88/393 [00:09<00:18, 16.23 examples/s]
Generating train split:  24%|██▍       | 94/393 [00:10<00:15, 18.70 examples/s]
Generating train split:  26%|██▌       | 102/393 [00:10<00:18, 15.45 examples/s]
Generating train split:  28%|██▊       | 112/393 [00:11<00:17, 16.03 examples/s]
Generating train split:  29%|██▉       | 115/393 [00:11<00:21, 12.93 examples/s]
Generating train split:  31%|███       | 121/393 [00:12<00:19, 13.71 examples/s]
Generating train split:  32%|███▏      | 127/393 [00:12<00:19, 13.35 examples/s]
Generating train split:  35%|███▍      | 136/393 [00:12<00:13, 18.41 examples/s]
Generating train split:  36%|███▌      | 140/393 [00:15<00:47,  5.30 examples/s]
Generating train split:  38%|███▊      | 148/393 [00:20<01:22,  2.99 examples/s]
Generating train split:  39%|███▊      | 152/393 [00:21<01:09,  3.46 examples/s]
Generating train split:  39%|███▉      | 155/393 [00:22<01:16,  3.12 examples/s]
Generating train split:  40%|████      | 159/393 [00:23<01:06,  3.54 examples/s]
Generating train split:  41%|████      | 160/393 [00:23<01:05,  3.55 examples/s]
Generating train split:  41%|████      | 162/393 [00:23<00:57,  4.00 examples/s]
Generating train split:  42%|████▏     | 167/393 [00:24<00:51,  4.36 examples/s]
Generating train split:  44%|████▎     | 171/393 [00:24<00:37,  5.86 examples/s]
Generating train split:  45%|████▌     | 177/393 [00:25<00:28,  7.62 examples/s]
Generating train split:  47%|████▋     | 183/393 [00:26<00:38,  5.43 examples/s]
Generating train split:  49%|████▉     | 192/393 [00:27<00:23,  8.64 examples/s]
Generating train split:  51%|█████     | 200/393 [00:27<00:17, 11.32 examples/s]
Generating train split:  52%|█████▏    | 205/393 [00:27<00:16, 11.39 examples/s]
Generating train split:  53%|█████▎    | 207/393 [00:28<00:16, 11.23 examples/s]
Generating train split:  53%|█████▎    | 209/393 [00:28<00:20,  9.19 examples/s]
Generating train split:  54%|█████▎    | 211/393 [00:28<00:23,  7.80 examples/s]
Generating train split:  54%|█████▍    | 213/393 [00:29<00:22,  8.16 examples/s]
Generating train split:  58%|█████▊    | 226/393 [00:29<00:09, 17.41 examples/s]
Generating train split:  59%|█████▉    | 231/393 [00:29<00:09, 17.14 examples/s]
Generating train split:  61%|██████    | 239/393 [00:29<00:07, 21.48 examples/s]
Generating train split:  64%|██████▎   | 250/393 [00:30<00:04, 29.13 examples/s]
Generating train split:  65%|██████▍   | 254/393 [00:30<00:05, 25.53 examples/s]
Generating train split:  66%|██████▌   | 258/393 [00:30<00:05, 24.90 examples/s]
Generating train split:  67%|██████▋   | 264/393 [00:31<00:06, 19.56 examples/s]
Generating train split:  69%|██████▉   | 273/393 [00:31<00:04, 24.92 examples/s]
Generating train split:  70%|███████   | 276/393 [00:31<00:05, 22.42 examples/s]
Generating train split:  71%|███████   | 280/393 [00:31<00:05, 21.48 examples/s]
Generating train split:  74%|███████▎  | 289/393 [00:32<00:05, 20.35 examples/s]
Generating train split:  77%|███████▋  | 301/393 [00:34<00:09,  9.27 examples/s]
Generating train split:  79%|███████▉  | 310/393 [00:34<00:07, 11.07 examples/s]
Generating train split:  80%|███████▉  | 314/393 [00:35<00:09,  8.07 examples/s]
Generating train split:  81%|████████  | 317/393 [00:36<00:08,  8.51 examples/s]
Generating train split:  82%|████████▏ | 321/393 [00:36<00:07,  9.81 examples/s]
Generating train split:  84%|████████▎ | 329/393 [00:36<00:04, 13.79 examples/s]
Generating train split:  85%|████████▌ | 336/393 [00:38<00:06,  8.56 examples/s]
Generating train split:  88%|████████▊ | 345/393 [00:40<00:08,  5.83 examples/s]
Generating train split:  88%|████████▊ | 347/393 [00:40<00:07,  5.85 examples/s]
Generating train split:  89%|████████▉ | 351/393 [00:40<00:05,  7.04 examples/s]
Generating train split:  90%|█████████ | 354/393 [00:41<00:05,  7.78 examples/s]
Generating train split:  91%|█████████ | 358/393 [00:41<00:03,  8.99 examples/s]
Generating train split:  93%|█████████▎| 365/393 [00:41<00:02, 13.21 examples/s]
Generating train split:  95%|█████████▍| 372/393 [00:41<00:01, 17.47 examples/s]
Generating train split:  95%|█████████▌| 375/393 [00:41<00:01, 17.37 examples/s]
Generating train split:  97%|█████████▋| 380/393 [00:42<00:00, 15.12 examples/s]
Generating train split:  98%|█████████▊| 385/393 [00:42<00:00, 15.44 examples/s]
Generating train split: 100%|██████████| 393/393 [00:42<00:00, 21.59 examples/s]
Generating train split: 100%|██████████| 393/393 [00:42<00:00,  9.17 examples/s]
